\BOOKMARK [0][-]{chapter*.2}{\376\377\154\111\145\207\162\110\136\217}{}% 1
\BOOKMARK [0][-]{chapter*.3}{\376\377\123\237\136\217}{}% 2
\BOOKMARK [0][-]{chapter.1}{\376\377\0001\000\040\137\025\212\000}{}% 3
\BOOKMARK [1][-]{section.1.1}{\376\377\0001\000.\0001\000\040\136\070\174\373\145\160\176\277\140\047\174\373\176\337}{chapter.1}% 4
\BOOKMARK [1][-]{section.1.2}{\376\377\0001\000.\0002\000\040\123\330\174\373\145\160\176\277\140\047\174\373\176\337}{chapter.1}% 5
\BOOKMARK [1][-]{section.1.3}{\376\377\0001\000.\0003\000\040\227\136\176\277\140\047\174\373\176\337}{chapter.1}% 6
\BOOKMARK [1][-]{section.1.4}{\376\377\0001\000.\0004\000\040\135\345\172\013\217\321\117\074\166\204\225\356\230\230}{chapter.1}% 7
\BOOKMARK [0][-]{chapter.2}{\376\377\0002\000\040\142\311\154\017\123\330\143\142\154\325}{}% 8
\BOOKMARK [1][-]{section.2.1}{\376\377\0002\000.\0001\000\040\142\311\154\017\123\330\143\142\124\214\123\315\217\154\121\154\137\017}{chapter.2}% 9
\BOOKMARK [1][-]{section.2.2}{\376\377\0002\000.\0002\000\040\165\050\142\311\154\017\123\330\143\142\154\325\211\343\136\070\174\373\145\160\176\277\140\047\137\256\122\006\145\271\172\013}{chapter.2}% 10
\BOOKMARK [1][-]{section.2.3}{\376\377\0002\000.\0003\000\040\142\311\154\017\123\330\143\142\166\204\040\034\133\127\121\170\040\035\377\010\142\311\154\017\123\330\143\142\210\150\377\011}{chapter.2}% 11
\BOOKMARK [1][-]{section.2.4}{\376\377\0002\000.\0004\000\040\121\163\116\216\153\143\137\046\137\017\166\204\232\161\122\250\121\375\145\160\166\204\213\250\213\272}{chapter.2}% 12
\BOOKMARK [1][-]{section.2.5}{\376\377\0002\000.\0005\000\040\121\163\116\216\123\125\117\115\121\262\221\317\232\161\122\250\121\375\145\160\166\204\213\250\213\272}{chapter.2}% 13
\BOOKMARK [0][-]{chapter.3}{\376\377\0003\000\040\217\223\121\145\060\001\217\223\121\372\124\214\117\040\220\022\121\375\145\160}{}% 14
\BOOKMARK [1][-]{section.3.1}{\376\377\0003\000.\0001\000\040\116\000\226\066\174\373\176\337}{chapter.3}% 15
\BOOKMARK [1][-]{section.3.2}{\376\377\0003\000.\0002\000\040\117\040\220\022\121\375\145\160\166\204\210\150\171\072\154\325}{chapter.3}% 16
\BOOKMARK [1][-]{section.3.3}{\376\377\0003\000.\0003\000\040\116\000\226\066\174\373\176\337\166\204\116\000\116\233\117\213\133\120}{chapter.3}% 17
\BOOKMARK [1][-]{section.3.4}{\376\377\0003\000.\0004\000\040\116\214\226\066\174\373\176\337}{chapter.3}% 18
\BOOKMARK [1][-]{section.3.5}{\376\377\0003\000.\0005\000\040\170\156\133\232\230\221\163\207\162\171\140\047\166\204\145\271\154\325}{chapter.3}% 19
\BOOKMARK [1][-]{section.3.6}{\376\377\0003\000.\0006\000\040\165\061\131\032\116\052\220\350\116\366\176\304\142\020\166\204\174\373\176\337}{chapter.3}% 20
\BOOKMARK [1][-]{section.3.7}{\376\377\0003\000.\0007\000\040\215\205\215\212\166\204\117\040\220\022\121\375\145\160}{chapter.3}% 21
\BOOKMARK [0][-]{chapter.4}{\376\377\0004\000\040\123\315\231\210\117\072\147\015\174\373\176\337}{}% 22
\BOOKMARK [1][-]{section.4.1}{\376\377\0004\000.\0001\000\040\123\315\231\210\166\204\151\202\137\365}{chapter.4}% 23
\BOOKMARK [1][-]{section.4.2}{\376\377\0004\000.\0002\000\040\123\315\231\210\117\072\147\015\174\373\176\337\166\204\213\276\213\241\121\306\122\031}{chapter.4}% 24
\BOOKMARK [1][-]{section.4.3}{\376\377\0004\000.\0003\000\040\116\103\154\017\000\050\000N\000y\000q\000u\000i\000s\000t\000\051\154\325}{chapter.4}% 25
\BOOKMARK [1][-]{section.4.4}{\376\377\0004\000.\0004\000\040\202\176\145\207\140\035\000\050\000E\000v\000a\000n\000s\000\051\154\325}{chapter.4}% 26
\BOOKMARK [1][-]{section.4.5}{\376\377\0004\000.\0005\000\040\150\071\217\150\217\371\166\204\155\101\117\123\122\233\133\146\153\324\142\337}{chapter.4}% 27
\BOOKMARK [1][-]{section.4.6}{\376\377\0004\000.\0006\000\040\117\057\137\267\000\050\000B\000o\000d\000e\000\051\154\325}{chapter.4}% 28
\BOOKMARK [1][-]{section.4.7}{\376\377\0004\000.\0007\000\040\117\040\220\022\121\375\145\160\166\204\213\276\213\241}{chapter.4}% 29
\BOOKMARK [1][-]{section.4.8}{\376\377\0004\000.\0008\000\040\131\032\126\336\215\357\117\072\147\015\174\373\176\337}{chapter.4}% 30
\BOOKMARK [0][-]{chapter.5}{\376\377\0005\000\040\116\015\116\222\166\370\137\161\124\315\166\204\143\247\122\066}{}% 31
\BOOKMARK [1][-]{section.5.1}{\376\377\0005\000.\0001\000\040\123\125\123\330\145\160\174\373\176\337\166\204\143\247\122\066}{chapter.5}% 32
\BOOKMARK [1][-]{section.5.2}{\376\377\0005\000.\0002\000\040\131\032\123\330\145\160\174\373\176\337\166\204\143\247\122\066}{chapter.5}% 33
\BOOKMARK [1][-]{section.5.3}{\376\377\0005\000.\0003\000\040\116\015\116\222\166\370\137\161\124\315\166\204\147\141\116\366}{chapter.5}% 34
\BOOKMARK [1][-]{section.5.4}{\376\377\0005\000.\0004\000\040\123\315\136\224\145\271\172\013}{chapter.5}% 35
\BOOKMARK [1][-]{section.5.5}{\376\377\0005\000.\0005\000\040\155\241\217\156\207\272\145\313\150\150\123\321\122\250\147\072\166\204\143\247\122\066}{chapter.5}% 36
\BOOKMARK [1][-]{section.5.6}{\376\377\0005\000.\0006\000\040\147\011\210\145\121\105\161\303\145\231\166\204\155\241\217\156\125\267\157\006\123\321\122\250\147\072\166\204\143\247\122\066}{chapter.5}% 37
\BOOKMARK [0][-]{chapter.6}{\376\377\0006\000\040\116\244\155\101\117\072\147\015\174\373\176\337\116\016\143\057\203\141\143\247\122\066\117\072\147\015\174\373\176\337}{}% 38
\BOOKMARK [1][-]{section.6.1}{\376\377\0006\000.\0001\000\040\116\244\155\101\174\373\176\337}{chapter.6}% 39
\BOOKMARK [1][-]{section.6.2}{\376\377\0006\000.\0002\000\040\142\212\166\364\155\101\174\373\176\337\123\330\116\072\116\244\155\101\174\373\176\337\145\366\117\040\220\022\121\375\145\160\166\204\123\330\123\026\145\271\154\325}{chapter.6}% 40
\BOOKMARK [1][-]{section.6.3}{\376\377\0006\000.\0003\000\040\143\057\203\141\143\247\122\066\117\072\147\015\174\373\176\337}{chapter.6}% 41
\BOOKMARK [1][-]{section.6.4}{\376\377\0006\000.\0004\000\040\176\347\165\065\126\150\166\204\230\221\163\207\162\171\140\047}{chapter.6}% 42
\BOOKMARK [1][-]{section.6.5}{\376\377\0006\000.\0005\000\040\122\051\165\050\126\372\147\011\143\057\203\141\166\204\143\057\203\141\143\247\122\066\117\072\147\015\174\373\176\337}{chapter.6}% 43
\BOOKMARK [1][-]{section.6.6}{\376\377\0006\000.\0006\000\040\116\000\202\054\166\204\143\057\203\141\143\247\122\066\117\072\147\015\174\373\176\337}{chapter.6}% 44
\BOOKMARK [0][-]{chapter.7}{\376\377\0007\000\040\221\307\150\067\117\072\147\015\174\373\176\337}{}% 45
\BOOKMARK [1][-]{section.7.1}{\376\377\0007\000.\0001\000\040\116\000\116\052\221\307\150\067\176\277\215\357\166\204\217\223\121\372}{chapter.7}% 46
\BOOKMARK [1][-]{section.7.2}{\376\377\0007\000.\0002\000\040\145\275\150\257\137\305\203\050\000-\165\063\123\127\000\050\000S\000t\000i\000b\000i\000t\000z\000-\000S\000h\000a\000n\000n\000o\000n\000\051\164\006\213\272}{chapter.7}% 47
\BOOKMARK [1][-]{section.7.3}{\376\377\0007\000.\0003\000\040\221\307\150\067\117\072\147\015\174\373\176\337\166\204\116\103\154\017\121\306\122\031}{chapter.7}% 48
\BOOKMARK [1][-]{section.7.4}{\376\377\0007\000.\0004\000\040\172\063\140\001\213\357\135\356}{chapter.7}% 49
\BOOKMARK [1][-]{section.7.5}{\376\377\0007\000.\0005\000\040\000F\0002\000*\000\040\000\050\000s\000\051\166\204\213\241\173\227}{chapter.7}% 50
\BOOKMARK [1][-]{section.7.6}{\376\377\0007\000.\0006\000\040\217\336\176\355\117\134\165\050\117\072\147\015\174\373\176\337\116\016\221\307\150\067\117\072\147\015\174\373\176\337\166\204\153\324\217\203}{chapter.7}% 51
\BOOKMARK [1][-]{section.7.7}{\376\377\0007\000.\0007\000\040\000F\0002\000\050\000s\000\051\127\050\123\237\160\271\147\011\147\201\160\271\166\204\140\305\121\265}{chapter.7}% 52
\BOOKMARK [0][-]{chapter.8}{\376\377\0008\000\040\147\011\145\366\156\336\166\204\176\277\140\047\174\373\176\337\000[\0001\0003\000,\0002\0002\000]}{}% 53
\BOOKMARK [1][-]{section.8.1}{\376\377\0008\000.\0001\000\040\161\303\160\347\116\055\166\204\145\366\156\336}{chapter.8}% 54
\BOOKMARK [1][-]{section.8.2}{\376\377\0008\000.\0002\000\040\204\050\131\107\000\050\000S\000a\000t\000c\000h\000e\000\051\126\376}{chapter.8}% 55
\BOOKMARK [1][-]{section.8.3}{\376\377\0008\000.\0003\000\040\147\011\123\315\231\210\117\072\147\015\147\072\147\204\166\204\160\153\173\255\123\321\122\250\147\072\166\204\174\373\176\337\122\250\122\233\133\146\140\047\215\050}{chapter.8}% 56
\BOOKMARK [1][-]{section.8.4}{\376\377\0008\000.\0004\000\040\154\241\147\011\123\315\231\210\117\072\147\015\147\072\147\204\145\366\166\204\116\015\172\063\133\232\140\047}{chapter.8}% 57
\BOOKMARK [1][-]{section.8.5}{\376\377\0008\000.\0005\000\040\147\011\123\315\231\210\117\072\147\015\147\072\147\204\145\366\166\204\174\373\176\337\166\204\172\063\133\232\140\047}{chapter.8}% 58
\BOOKMARK [1][-]{section.8.6}{\376\377\0008\000.\0006\000\040\145\366\156\336\174\373\176\337\166\204\172\063\133\232\140\047\166\204\116\000\202\054\122\044\145\255\121\306\122\031}{chapter.8}% 59
\BOOKMARK [0][-]{chapter.9}{\376\377\0009\000\040\136\163\172\063\226\217\147\072\217\223\121\145\116\013\166\204\176\277\140\047\174\373\176\337}{}% 60
\BOOKMARK [1][-]{section.9.1}{\376\377\0009\000.\0001\000\040\226\217\147\072\121\375\145\160\166\204\176\337\213\241\143\317\217\360\145\271\154\325}{chapter.9}% 61
\BOOKMARK [1][-]{section.9.2}{\376\377\0009\000.\0002\000\040\136\163\127\107\120\074}{chapter.9}% 62
\BOOKMARK [1][-]{section.9.3}{\376\377\0009\000.\0003\000\040\122\237\163\207\214\061}{chapter.9}% 63
\BOOKMARK [1][-]{section.9.4}{\376\377\0009\000.\0004\000\040\122\237\163\207\214\061\166\204\117\213\133\120}{chapter.9}% 64
\BOOKMARK [1][-]{section.9.5}{\376\377\0009\000.\0005\000\040\122\237\163\207\214\061\166\204\166\364\143\245\213\241\173\227}{chapter.9}% 65
\BOOKMARK [1][-]{section.9.6}{\376\377\0009\000.\0006\000\040\171\273\137\000\136\163\127\107\120\074\166\204\131\047\120\117\135\356\166\204\151\202\163\207}{chapter.9}% 66
\BOOKMARK [1][-]{section.9.7}{\376\377\0009\000.\0007\000\040\226\217\147\072\121\375\145\160\215\205\217\307\116\000\116\052\126\372\133\232\120\074\166\204\230\221\163\207}{chapter.9}% 67
\BOOKMARK [1][-]{section.9.8}{\376\377\0009\000.\0008\000\040\176\277\140\047\174\373\176\337\133\371\116\216\136\163\172\063\226\217\147\072\217\223\121\145\166\204\123\315\136\224}{chapter.9}% 68
\BOOKMARK [1][-]{section.9.9}{\376\377\0009\000.\0009\000\040\116\214\226\066\174\373\176\337}{chapter.9}% 69
\BOOKMARK [1][-]{section.9.10}{\376\377\0009\000.\0001\0000\000\040\116\015\123\357\123\213\177\051\166\204\156\115\155\101\116\055\117\134\165\050\127\050\116\000\116\052\116\214\176\364\147\072\177\374\116\012\166\204\116\076\122\233}{chapter.9}% 70
\BOOKMARK [1][-]{section.9.11}{\376\377\0009\000.\0001\0001\000\040\225\364\153\107\166\204\217\223\121\145}{chapter.9}% 71
\BOOKMARK [1][-]{section.9.12}{\376\377\0009\000.\0001\0002\000\040\116\072\226\217\147\072\217\223\121\145\200\014\117\134\166\204\117\072\147\015\143\247\122\066\213\276\213\241}{chapter.9}% 72
\BOOKMARK [0][-]{chapter.10}{\376\377\0001\0000\000\040\176\347\165\065\126\150\117\072\147\015\174\373\176\337}{}% 73
\BOOKMARK [1][-]{section.10.1}{\376\377\0001\0000\000.\0001\000\040\116\000\116\052\176\347\165\065\126\150\166\204\217\321\117\074\166\204\230\221\163\207\162\171\140\047}{chapter.10}% 74
\BOOKMARK [1][-]{section.10.2}{\376\377\0001\0000\000.\0002\000\040\147\357\154\017\000\050\000K\000o\000c\000h\000e\000n\000b\000u\000r\000g\000e\000r\000\051\145\271\154\325}{chapter.10}% 75
\BOOKMARK [1][-]{section.10.3}{\376\377\0001\0000\000.\0003\000\040\121\166\116\326\166\204\230\221\163\207\217\337\224\235\227\136\176\277\140\047\147\072\147\204}{chapter.10}% 76
\BOOKMARK [1][-]{section.10.4}{\376\377\0001\0000\000.\0004\000\040\176\347\165\065\126\150\117\072\147\015\174\373\176\337\166\204\147\000\117\030\217\320\217\154\162\266\140\001}{chapter.10}% 77
\BOOKMARK [1][-]{section.10.5}{\376\377\0001\0000\000.\0005\000\040\166\370\136\163\227\142}{chapter.10}% 78
\BOOKMARK [1][-]{section.10.6}{\376\377\0001\0000\000.\0006\000\040\176\277\140\047\137\000\121\163}{chapter.10}% 79
\BOOKMARK [1][-]{section.10.7}{\376\377\0001\0000\000.\0007\000\040\147\000\117\030\137\000\121\163\121\375\145\160}{chapter.10}% 80
\BOOKMARK [1][-]{section.10.8}{\376\377\0001\0000\000.\0008\000\040\116\214\226\066\176\277\140\047\174\373\176\337\166\204\147\000\117\030\137\000\121\163\146\362\176\277}{chapter.10}% 81
\BOOKMARK [1][-]{section.10.9}{\376\377\0001\0000\000.\0009\000\040\131\032\145\271\137\017\166\204\143\247\122\066\117\134\165\050}{chapter.10}% 82
\BOOKMARK [0][-]{chapter.11}{\376\377\0001\0001\000\040\227\136\176\277\140\047\174\373\176\337}{}% 83
\BOOKMARK [1][-]{section.11.1}{\376\377\0001\0001\000.\0001\000\040\147\011\227\136\176\277\140\047\123\315\231\210\166\204\176\347\165\065\126\150\117\072\147\015\174\373\176\337}{chapter.11}% 84
\BOOKMARK [1][-]{section.11.2}{\376\377\0001\0001\000.\0002\000\040\137\061\227\136\176\277\140\047\174\373\176\337}{chapter.11}% 85
\BOOKMARK [1][-]{section.11.3}{\376\377\0001\0001\000.\0003\000\040\215\363\215\303\163\260\214\141}{chapter.11}% 86
\BOOKMARK [1][-]{section.11.4}{\376\377\0001\0001\000.\0004\000\040\230\221\163\207\177\051\121\317}{chapter.11}% 87
\BOOKMARK [1][-]{section.11.5}{\376\377\0001\0001\000.\0005\000\040\230\221\163\207\117\265\123\140\163\260\214\141}{chapter.11}% 88
\BOOKMARK [1][-]{section.11.6}{\376\377\0001\0001\000.\0006\000\040\137\002\153\145\157\300\123\321\124\214\137\002\153\145\142\221\122\066}{chapter.11}% 89
\BOOKMARK [1][-]{section.11.7}{\376\377\0001\0001\000.\0007\000\040\123\302\145\160\157\300\123\321\124\214\123\302\145\160\226\073\134\074}{chapter.11}% 90
\BOOKMARK [0][-]{chapter.12}{\376\377\0001\0002\000\040\123\330\174\373\145\160\176\277\140\047\174\373\176\337}{}% 91
\BOOKMARK [1][-]{section.12.1}{\376\377\0001\0002\000.\0001\000\040\160\153\173\255\137\071\127\050\161\303\160\347\217\307\172\013\116\055\166\204\217\320\122\250\162\266\140\001}{chapter.12}% 92
\BOOKMARK [1][-]{section.12.2}{\376\377\0001\0002\000.\0002\000\040\176\277\140\047\123\026\166\204\137\071\220\123\145\271\172\013}{chapter.12}% 93
\BOOKMARK [1][-]{section.12.3}{\376\377\0001\0002\000.\0003\000\040\160\153\173\255\137\071\166\204\172\063\133\232\140\047}{chapter.12}% 94
\BOOKMARK [1][-]{section.12.4}{\376\377\0001\0002\000.\0004\000\040\123\330\174\373\145\160\174\373\176\337\166\204\172\063\133\232\140\047\225\356\230\230\124\214\143\247\122\066\225\356\230\230}{chapter.12}% 95
\BOOKMARK [0][-]{chapter.13}{\376\377\0001\0003\000\040\122\051\165\050\144\104\122\250\164\006\213\272\166\204\143\247\122\066\213\276\213\241}{}% 96
\BOOKMARK [0][-]{chapter.14}{\376\377\0001\0004\000\040\156\341\215\263\143\007\133\232\171\357\122\006\147\141\116\366\166\204\143\247\122\066\213\276\213\241}{}% 97
\BOOKMARK [0][-]{chapter.15}{\376\377\0001\0005\000\040\201\352\122\250\133\373\154\102\147\000\117\030\217\320\217\154\160\271\166\204\143\247\122\066\174\373\176\337}{}% 98
\BOOKMARK [0][-]{chapter.16}{\376\377\0001\0006\000\040\126\152\130\360\217\307\156\344\166\204\213\276\213\241\123\237\164\006}{}% 99
\BOOKMARK [0][-]{chapter.17}{\376\377\0001\0007\000\040\201\352\210\114\225\107\133\232\124\214\220\002\136\224\163\257\130\203\166\204\174\373\176\337}{}% 100
\BOOKMARK [0][-]{chapter.18}{\376\377\0001\0008\000\040\213\357\135\356\166\204\143\247\122\066}{}% 101
